foo = {
	attributes = {
		myAttr = {
			string = {
				attributes = {}
				content = {}
			}
		}
	}
	content = {
		name = {
			attributes = {}
			content = {
				string = {
					attributes = {}
					content = {}
				}
			}
		}
	}
}
