myElem = {
	maxOccurs = 1
	content = {
		ele1 = {
			maxOccurs = 1
			content = {
				string = {
					maxOccurs = 1
					content = {}
					attributes = {}
				}
			}
			attributes = {}
		}
	}
	attributes = {}
}
