name = elemB001_xsd
dependents = {}
content = {}
attributes = {}
