test3 = {
	maxOccurs = 1
	content = {
		y = {
			maxOccurs = 1
			content = {
				string = {
					maxOccurs = 1
					content = {}
					attributes = {}
				}
			}
			attributes = {}
		}
		x = {
			maxOccurs = 2
			content = {
				string = {
					maxOccurs = 1
					content = {}
					attributes = {}
				}
			}
			attributes = {}
		}
	}
	attributes = {}
}
test2 = {
	maxOccurs = 1
	content = {
		string = {
			maxOccurs = 1
			content = {}
			attributes = {}
		}
	}
	attributes = {}
}
root = {
	maxOccurs = 1
	content = {
		test = {
			maxOccurs = 1
			content = {
				int = {
					maxOccurs = 1
					content = {}
					attributes = {}
				}
			}
			attributes = {}
		}
		test3 = {
			maxOccurs = 1
			content = {
				y = {
					maxOccurs = 1
					content = {
						string = {
							maxOccurs = 1
							content = {}
							attributes = {}
						}
					}
					attributes = {}
				}
				x = {
					maxOccurs = 2
					content = {
						string = {
							maxOccurs = 1
							content = {}
							attributes = {}
						}
					}
					attributes = {}
				}
			}
			attributes = {}
		}
		test2 = {
			maxOccurs = 1
			content = {
				string = {
					maxOccurs = 1
					content = {}
					attributes = {}
				}
			}
			attributes = {}
		}
	}
	attributes = {}
}
s-a = {
	maxOccurs = 1
	content = {
		int = {
			maxOccurs = 1
			content = {}
			attributes = {}
		}
	}
	attributes = {}
}
test = {
	maxOccurs = 1
	content = {
		int = {
			maxOccurs = 1
			content = {}
			attributes = {}
		}
	}
	attributes = {}
}
