name = elemB002
dependents = {
	foo = {
		name = foo
		dependents = {}
		content = {
			type = string
		}
		attributes = {}
	}
}
content = {}
attributes = {}
