myElem = {
	attributes = {}
	content = {
		string = {
			attributes = {}
			content = {}
		}
	}
}
foo = {
	attributes = {}
	content = {
		string = {
			attributes = {}
			content = {}
		}
	}
}
