xmlns = {
	maxOccurs = 1
	content = {
		string = {
			maxOccurs = 1
			content = {}
			attributes = {}
		}
	}
	attributes = {}
}
