name = stH004_xsd
dependents = {
	root = {
		name = root
		dependents = {
			fooTest = {
				name = fooTest
				dependents = {}
				content = {
					type = string
				}
				attributes = {}
			}
		}
		content = {}
		attributes = {}
	}
	fooTest = {
		name = fooTest
		dependents = {}
		content = {
			type = string
		}
		attributes = {}
	}
}
content = {}
attributes = {}
