gooTest = {
	maxOccurs = 1
	content = {
		list(hexBinary) = {
			maxOccurs = 1
			content = {}
			attributes = {}
		}
	}
	attributes = {}
}
