Company = {
	attributes = {}
	content = {
		Person = {
			attributes = {}
			content = {
				Name = {
					attributes = {}
					content = {
						string = {
							attributes = {}
							content = {}
						}
					}
				}
			}
		}
	}
}
