name = testA001_xsd
dependents = {
	AddressElm = {
		name = AddressElm
		dependents = {
			country = {
				name = country
				dependents = {}
				content = {
					type = string
				}
				attributes = {}
			}
			zipcode = {
				name = zipcode
				dependents = {}
				content = {
					type = integer
				}
				attributes = {}
			}
			city = {
				name = city
				dependents = {}
				content = {
					type = string
				}
				attributes = {}
			}
			street = {
				name = street
				dependents = {}
				content = {
					type = string
				}
				attributes = {}
			}
		}
		content = {}
		attributes = {}
	}
}
content = {}
attributes = {}
