foo = {
	maxOccurs = 1
	content = {
		name = {
			maxOccurs = 1
			content = {
				string = {
					maxOccurs = 1
					content = {}
					attributes = {}
				}
			}
			attributes = {}
		}
	}
	attributes = {
		attrib2Optional = {
			integer = {
				attributes = {}
				maxOccurs = 1
				default = 5
				content = {}
				use = optional
			}
		}
		attrib2Required = {
			integer = {
				attributes = {}
				maxOccurs = 1
				content = {}
				use = required
			}
		}
		attrib1Optional = {
			string = {
				attributes = {}
				maxOccurs = 1
				default = test default value
				content = {}
				use = optional
			}
		}
		attrib1Required = {
			string = {
				attributes = {}
				maxOccurs = 1
				content = {}
				use = required
			}
		}
	}
}
