name = testA002
dependents = {
	myElem = {
		name = myElem
		dependents = {}
		content = {
			type = string
		}
		attributes = {}
	}
	foo = {
		name = foo
		dependents = {}
		content = {
			type = string
		}
		attributes = {}
	}
}
content = {}
attributes = {}
