fooTest = {
	attributes = {}
	content = {
		list(positiveInteger) = {
			attributes = {}
			content = {}
		}
	}
}
