gooTest = {
	maxOccurs = 1
	content = {
		hexBinary = {
			maxOccurs = 1
			content = {}
			attributes = {}
		}
	}
	attributes = {}
}
fooTest = {
	maxOccurs = 1
	content = {
		base64Binary = {
			maxOccurs = 1
			content = {}
			attributes = {}
		}
	}
	attributes = {}
}
