name = testA020_xsd
dependents = {
	binBlob = {
		name = binBlob
		dependents = {}
		content = {
			type = base64Binary
		}
		attributes = {}
	}
}
content = {}
attributes = {}
