name = testA019
dependents = {
	foo = {
		name = foo
		dependents = {}
		content = {
			type = int
		}
		attributes = {}
	}
}
content = {}
attributes = {}
