name = testA021_xsd
dependents = {
	gooTest = {
		name = gooTest
		dependents = {}
		content = {
			type = hexBinary
		}
		attributes = {}
	}
}
content = {}
attributes = {}
