worldAddress = {
	maxOccurs = 1
	content = {
		street = {
			maxOccurs = 1
			content = {
				string = {
					maxOccurs = 1
					content = {}
					attributes = {}
				}
			}
			attributes = {}
		}
		zipcode = {
			maxOccurs = 1
			content = {
				integer = {
					maxOccurs = 1
					content = {}
					attributes = {}
				}
			}
			attributes = {}
		}
		city = {
			maxOccurs = 1
			content = {
				string = {
					maxOccurs = 1
					content = {}
					attributes = {}
				}
			}
			attributes = {}
		}
		country = {
			maxOccurs = 1
			content = {
				string = {
					maxOccurs = 1
					content = {}
					attributes = {}
				}
			}
			attributes = {}
		}
	}
	attributes = {}
}
