message = {
	maxOccurs = 1
	content = {
		string = {
			maxOccurs = 1
			content = {}
			attributes = {}
		}
	}
	attributes = {
		date = {
			dateTime = {
				attributes = {}
				maxOccurs = 1
				content = {}
				use = optional
			}
		}
	}
}
changeMessage = {
	maxOccurs = 1
	content = {
		string = {
			maxOccurs = 1
			content = {}
			attributes = {}
		}
	}
	attributes = {}
}
