name = testA006
dependents = {
	test = {
		name = test
		dependents = {}
		content = {
			type = string
		}
		attributes = {}
	}
	test2 = {
		name = test2
		dependents = {
			test = {
				name = test
				dependents = {}
				content = {
					type = string
				}
				attributes = {}
			}
		}
		content = {}
		attributes = {}
	}
}
content = {}
attributes = {}
