name = testA004
dependents = {
	test = {
		name = test
		dependents = {
			y = {
				name = y
				dependents = {}
				content = {
					type = string
				}
				attributes = {}
			}
			x = {
				name = x
				dependents = {}
				content = {
					type = string
				}
				attributes = {}
			}
			z = {
				name = z
				dependents = {}
				content = {
					type = string
				}
				attributes = {}
			}
		}
		content = {}
		attributes = {}
	}
}
content = {}
attributes = {}
