trex = {
	maxOccurs = 1
	content = {
		list(positiveInteger) = {
			maxOccurs = 1
			content = {}
			attributes = {}
		}
	}
	attributes = {}
}
fooTest = {
	maxOccurs = 1
	content = {
		list(positiveInteger) = {
			maxOccurs = 1
			content = {}
			attributes = {}
		}
	}
	attributes = {}
}
